exports[`RestForm renders a initial view 1`] = `"<div class=\"simpleform-fadeIn\"><p>Welcome, please fill in the form below:</p><form novalidate=\"\" class=\"m-x-1 text-xs-left\" style=\"overflow: hidden;\"><noscript>Please enable javascript in order to use this form.</noscript><div class=\"form-group row\"><label class=\"col-xs-12 text-sm-right col-form-label col-sm-2\">xxx</label><div class=\"col-xs-12 col-sm-5\"><input type=\"text\" class=\"form-control\" value=\"\" data-id=\"0\" placeholder=\"\"></div><!-- react-empty: 9 --></div><div class=\"form-group row\"><label class=\"col-xs-12 text-sm-right col-form-label col-sm-2\">yyy</label><div class=\"col-xs-12 col-sm-5\"><input type=\"text\" class=\"form-control\" value=\"\" data-id=\"1\" placeholder=\"\"></div><!-- react-empty: 14 --></div><div class=\"form-group row\"><div class=\"col-xs-12 col-sm-2\"></div><div class=\"col-xs-12 form-inline col-sm-8\"><div class=\"form-group has-danger\"><button type=\"submit\" class=\"btn btn-outline-primary\">Submit</button><div class=\"text-muted form-control-static\">&nbsp;&nbsp; </div><!-- react-empty: 21 --></div></div></div></form></div>"`;
